
> vite_react_shadcn_ts@0.0.0 build
> vite build

[36mvite v5.4.19 [32mbuilding for production...[36m[39m
transforming...
node.exe : Browserslist: 
browsers data (caniuse-lite) 
is 9 months old. Please run:
At line:1 char:1
+ & "C:\Program 
Files\nodejs/node.exe" 
"C:\Program 
Files\nodejs/node_mo ...
+ ~~~~~~~~~~~~~~~~~~~~~~~~~~~
~~~~~~~~~~~~~~~~~~~~~~~~~~~~~
~~~~~~~~~~~~~
    + CategoryInfo           
   : NotSpecified: (Browser  
  slist: b...ld. Please ru   
 n::String) [], RemoteExc    
eption
    + FullyQualifiedErrorId  
   : NativeCommandError
 
  npx 
update-browserslist-db@latest
  Why you should do it 
regularly: https://github.com
/browserslist/update-db#readm
e
[32mΓ£ô[39m 2079 modules transformed.
rendering chunks...
computing gzip size...
[2mdist/[22m[32mindex.html                          [39m[1m[2m  1.09 kB[22m[1m[22m[2m Γöé gzip:   0.51 kB[22m
[2mdist/[22m[35massets/index-py-XA_ty.css           [39m[1m[2m 82.44 kB[22m[1m[22m[2m Γöé gzip:  13.89 kB[22m
[2mdist/[22m[36massets/purify.es-C5KSVp3G.js        [39m[1m[2m 22.74 kB[22m[1m[22m[2m Γöé gzip:   8.79 kB[22m
[2mdist/[22m[36massets/index.es-B3LxIkhR.js         [39m[1m[2m150.58 kB[22m[1m[22m[2m Γöé gzip:  51.53 kB[22m
[2mdist/[22m[36massets/html2canvas.esm-CBrSDip1.js  [39m[1m[2m201.42 kB[22m[1m[22m[2m Γöé gzip:  48.03 kB[22m
[2mdist/[22m[36massets/index-DDDu0XeB.js            [39m[1m[33m904.09 kB[39m[22m[2m Γöé gzip: 279.32 kB[22m
[33m
(!) Some chunks are larger 
than 500 kB after 
minification. Consider:
- Using dynamic import() to 
code-split the application
- Use build.rollupOptions.out
put.manualChunks to improve 
chunking: https://rollupjs.or
g/configuration-options/#outp
ut-manualchunks
- Adjust chunk size limit 
for this warning via build.ch
unkSizeWarningLimit.[39m
[32mΓ£ô built in 9.31s[39m
